//You can find all localization changes in zh-Hans in this file
//This may assist you in creating localizations for other languages

[3.17-Changes]
[Mods.CalamityEntropy.YoungMasterDashCD] - added
[Mods.CalamityEntropy.Projectiles.YoungMasterProj.DisplayName] - added
[Mods.CalamityEntropy.Projectiles.TectinicShardAshesCore.DisplayName] - removed // This is a spelling mistake, remove this key
[Mods.CalamityEntropy.Projectiles.TectinicShardHoming.DisplayName] - removed    // This is a spelling mistake, remove this key
[Mods.CalamityEntropy.Projectiles.VoisenBullet.DisplayName] - added
[Mods.CalamityEntropy.Projectiles.YMSlash.DisplayName] - added
[Mods.CalamityEntropy.Projectiles.YoungMasterDash.DisplayName] - added
[Mods.CalamityEntropy.AbyssalStorm] - added
[Mods.CalamityEntropy.Items.YoungMaster.DisplayName] - added
[Mods.CalamityEntropy.Items.YoungMaster.Tooltip] - added
[Mods.CalamityEntropy.Items.VoidRelics.Tooltip] - changed
[Mods.CalamityEntropy.Projectiles.YoungMasterMark.DisplayName] - added


[3.18-Changes]
[Mods.CalamityEntropy.AzafureEnhances.AzafureStandardShotgun] - added
[Mods.CalamityEntropy.AzafureEnhances.AzafureImperialGuardMachineGun] - added
[Mods.CalamityEntropy.AzafureEnhances.AzafureExhaustGasInjector] - added
[Mods.CalamityEntropy.NoAmmo] - added
[Mods.CalamityEntropy.Projectiles.RuneSongHeld.DisplayName] - added
[Mods.CalamityEntropy.Projectiles.ExhaustGas.DisplayName] - added
[Mods.CalamityEntropy.Projectiles.MewMewBombThrow.DisplayName] - added
[Mods.CalamityEntropy.Projectiles.ImperialGuardShot.DisplayName] - added
[Mods.CalamityEntropy.Projectiles.AzafureImperialGuardMachineGunHeld.DisplayName] - added
[Mods.CalamityEntropy.Projectiles.RuneBolt.DisplayName] - added
[Mods.CalamityEntropy.Projectiles.AzafureExhaustGasInjectorHeld.DisplayName] - added
[Mods.CalamityEntropy.Items.AzafureImperialGuardMachineGun.DisplayName] - added
[Mods.CalamityEntropy.Items.AzafureImperialGuardMachineGun.Tooltip] - added
[Mods.CalamityEntropy.Items.RuneSong.Tooltip] - changed
[Mods.CalamityEntropy.Items.AzafureStandardShotgun.DisplayName] - added
[Mods.CalamityEntropy.Items.AzafureStandardShotgun.Tooltip] - added
[Mods.CalamityEntropy.Items.Weapons.Rogue.MewMewBomb.DisplayName] - added
[Mods.CalamityEntropy.Items.Weapons.Rogue.MewMewBomb.Tooltip] - added
[Mods.CalamityEntropy.Items.AzafureExhaustGasInjector.DisplayName] - added
[Mods.CalamityEntropy.Items.AzafureExhaustGasInjector.Tooltip] - added


[3.19-Changes]
[Mods.CalamityEntropy.Musics.Apsychos] - added
[Mods.CalamityEntropy.Musics.Cruiser] - added
[Mods.CalamityEntropy.Musics.Prophet1] - added
[Mods.CalamityEntropy.Musics.Prophet2] - added
[Mods.CalamityEntropy.Musics.VoidTwins] - added
[Mods.CalamityEntropy.Musics.Luminaris] - added
[Mods.CalamityEntropy.Musics.Acropolis] - added
[Mods.CalamityEntropy.Musics.BadbfHX] - added
[Mods.CalamityEntropy.Musics.Francium] - added
[Mods.CalamityEntropy.Musics.SobaNoodles] - added
[Mods.CalamityEntropy.Musics.ThemeOf] - added
[Mods.CalamityEntropy.Items.Weapons.Rogue.MewMewBomb.Tooltip] - changed
[Mods.CalamityEntropy.Items.Kinanition.Tooltip] - changed
[Mods.CalamityEntropy.Items.HolyMoonlight.Tooltip] - changed
[Mods.CalamityEntropy.Items.PlagueInternalCombustionEngine.Tooltip] - changed


[3.20-Changes]
[Mods.CalamityEntropy.Items.Erebodrepanon] - added
[Mods.CalamityEntropy.Items.ThalassianGleam] - added
[Mods.CalamityEntropy.Items.GoldenFlowerInAJar] - added
[Mods.CalamityEntropy.Projectiles.ThalassianWaterBolt] - added
[Mods.CalamityEntropy.Projectiles.SilentpeakSword] - added
[Mods.CalamityEntropy.Projectiles.ErebodrepanonMark] - added
[Mods.CalamityEntropy.Projectiles.KinanitionSpawn] - added
[Mods.CalamityEntropy.Projectiles.ErebodrepanonHeld] - added
[Mods.CalamityEntropy.Projectiles.ThalassianGleamHeld] - added
[Mods.CalamityEntropy.Buffs.SilentpeakBuff] - added
[Mods.CalamityEntropy.Buffs.SilentpeakBuff] - added
[Mods.CalamityEntropy.Items.FeatheredHeadpiece] - added
[Mods.CalamityEntropy.Items.TsumugisHood] - added
[Mods.CalamityEntropy.Items.FlowerHeadband] - added
[Mods.CalamityEntropy.Items.Silentpeak] - added


[3.23-Changes]
[Mods.CalamityEntropy.Items.TsumugisHood] - changed
[Mods.CalamityEntropy.Items.ReapersButterfly] - added
[Mods.CalamityEntropy.Items.CrystalofHeart] - added
[Mods.CalamityEntropy.Items.BookMarkNeutron] - removed
[Mods.CalamityEntropy.Items.MikoMaeTengkan] - added
[Mods.CalamityEntropy.Items.OathBanner] - added
[Mods.CalamityEntropy.Items.Weapons.Rogue.SawofMacrocosm] - added
[Mods.CalamityEntropy.Items.Weapons.Rogue.BrillianceSwirlblade] - added
[Mods.CalamityEntropy.Items.Weapons.Rogue.GlacierSwirlblade] - added
[Mods.CalamityEntropy.Items.Weapons.Rogue.FlamingSwirlblade] - added
[Mods.CalamityEntropy.Items.Weapons.Rogue.Revelation.Tooltip] - changed
[Mods.CalamityEntropy.Items.Weapons.Rogue.AzafureSwirlblade] - added
[Mods.CalamityEntropy.Items.Weapons.Rogue.RunicSwirlblade] - added
[Mods.CalamityEntropy.Items.Weapons.Rogue.BlazingSwirlblade] - added
[Mods.CalamityEntropy.Items.CantaloupeSmoothie] - added
[Mods.CalamityEntropy.Items.TectonicChainBlade] - added
[Mods.CalamityEntropy.Items.BlackSkirt] - added
[Mods.CalamityEntropy.Items.BottleofCrystal] - added
[Mods.CalamityEntropy.Items.Lore.LoreAcropolis] - added
[Mods.CalamityEntropy.Items.Lore.LoreAcropolis.Lore] - added
[Mods.CalamityEntropy.Items.FuchsiaRibbon] - added
[Mods.CalamityEntropy.AzafureEnhances.AzafureSwirlblade] - added
[Mods.CalamityEntropy.VoidDeath0] - added
[Mods.CalamityEntropy.VoidDeath1] - added
[Mods.CalamityEntropy.VoidDeath2] - added
[Mods.CalamityEntropy.VoidDeath3] - added
[Mods.CalamityEntropy.VoidDeath4] - added
[Mods.CalamityEntropy.Projectiles.AzafureSwirlbladeMissile.DisplayName] - added
[Mods.CalamityEntropy.Projectiles.AzafureSwirlbladeProj.DisplayName] - added
[Mods.CalamityEntropy.Projectiles.SawofMacrocosmProj.DisplayName] - added
[Mods.CalamityEntropy.Projectiles.RevelationBolt.DisplayName] - added
[Mods.CalamityEntropy.Projectiles.RevelationStealth.DisplayName] - added
[Mods.CalamityEntropy.Projectiles.MacrocosmSawDash.DisplayName] - added
[Mods.CalamityEntropy.Projectiles.AzafureSwirlbladeSaw.DisplayName] - added
[Mods.CalamityEntropy.Projectiles.FlamingSwirlbladeProj.DisplayName] - added
[Mods.CalamityEntropy.Projectiles.BrillianceSwirlbladeProj.DisplayName] - added
[Mods.CalamityEntropy.Projectiles.TectonicChainBladeWhip.DisplayName] - added
[Mods.CalamityEntropy.Projectiles.MacrocosmVoidBolt.DisplayName] - added
[Mods.CalamityEntropy.Projectiles.BlazingSwirlbladeProj.DisplayName] - added
[Mods.CalamityEntropy.Projectiles.RunicSwirlbladeProj.DisplayName] - added
[Mods.CalamityEntropy.Projectiles.SawofMacrocosmSplit.DisplayName] - added
[Mods.CalamityEntropy.Projectiles.RevelationThrown.DisplayName] - added
[Mods.CalamityEntropy.Projectiles.RevelationExplode.DisplayName] - added
[Mods.CalamityEntropy.Projectiles.GlacierSwirlbladeProj.DisplayName] - added
[Mods.CalamityEntropy.Projectiles.FlamingSwirlbladeFlame.DisplayName] - added
[Mods.CalamityEntropy.Projectiles.BlazingSwirlbladeFlame.DisplayName] - added
[Mods.CalamityEntropy.Projectiles.RunicSwirlbladeBullet.DisplayName] - added
[Mods.CalamityEntropy.Projectiles.GlacierSwirlbladeSaw.DisplayName] - added
[Mods.CalamityEntropy.Buffs.TectonicChainBladeWhipDebuff.DisplayName] - added
[Mods.CalamityEntropy.Buffs.TectonicChainBladeWhipDebuff.Description] - added
[Mods.CalamityEntropy.Buffs.OathofCommand] - added


[3.24-Changes]
[Mods.CalamityEntropy.Projectiles.RevelationMelee.DisplayName] - removed
[Mods.CalamityEntropy.Projectiles.ExergySwirlbladeProj.DisplayName] - added
[Mods.CalamityEntropy.Projectiles.Flowery.DisplayName] - added
[Mods.CalamityEntropy.Projectiles.AquaShardWaterBullet.DisplayName] - added
[Mods.CalamityEntropy.Projectiles.Bellbeast.DisplayName] - added
[Mods.CalamityEntropy.Projectiles.ApeirokyklosSpike.DisplayName] - added
[Mods.CalamityEntropy.Projectiles.ApeirokyklosProj.DisplayName] - added
[Mods.CalamityEntropy.Projectiles.RevelationThrow.DisplayName] - removed
[Mods.CalamityEntropy.Projectiles.WaterBulletSpawner.DisplayName] - added
[Mods.CalamityEntropy.Projectiles.ExergySwirlbladeSaw.DisplayName] - added
[Mods.CalamityEntropy.WyrmChatCOHalibut2] - removed
[Mods.CalamityEntropy.WyrmChatCOHalibut1] - removed
[Mods.CalamityEntropy.BaitCommonTooltip1] - added
[Mods.CalamityEntropy.DeltaruneCH5ShadowCrystal] - added
[Mods.CalamityEntropy.WyrmChatCOHalibut3] - removed
[Mods.CalamityEntropy.BaitCommonTooltip2] - added
[Mods.CalamityEntropy.Buffs.Deceive.Description] - changed
[Mods.CalamityEntropy.Buffs.Deceive.ItemTooltip] - added
[Mods.CalamityEntropy.Buffs.FloweryBuff.DisplayName] - added
[Mods.CalamityEntropy.Buffs.FloweryBuff.Description] - added
[Mods.CalamityEntropy.Buffs.BellbeastBuff.DisplayName] - added
[Mods.CalamityEntropy.Buffs.BellbeastBuff.Description] - added
[Mods.CalamityEntropy.Items.BellwayBell.DisplayName] - added
[Mods.CalamityEntropy.Items.BellwayBell.Tooltip] - added
[Mods.CalamityEntropy.Items.FlowerWithFace.DisplayName] - added
[Mods.CalamityEntropy.Items.FlowerWithFace.Tooltip] - added
[Mods.CalamityEntropy.Items.AntlionShell.DisplayName] - added
[Mods.CalamityEntropy.Items.AntlionShell.Tooltip] - added
[Mods.CalamityEntropy.Items.Lore.LoreAcropolis.Tooltip] - added
[Mods.CalamityEntropy.Items.Weapons.Rogue.Apeirokyklos.DisplayName] - added
[Mods.CalamityEntropy.Items.Weapons.Rogue.Apeirokyklos.Tooltip] - added
[Mods.CalamityEntropy.Items.Weapons.Rogue.ExergySwirlblade.DisplayName] - added
[Mods.CalamityEntropy.Items.Weapons.Rogue.ExergySwirlblade.Tooltip] - added
[Mods.CalamityEntropy.Items.Weapons.Rogue.Aquashard.Tooltip] - changed
[Mods.CalamityEntropy.NPCs.PrimordialWyrmNPC.DisplayName] - changed
[Mods.CalamityEntropy.NPCs.PrimordialWyrmNPC.Census.SpawnCondition] - changed
[Mods.CalamityEntropy.NPCs.PrimordialWyrmNPC.TownNPCMood.DislikeCrowded] - changed
[Mods.CalamityEntropy.NPCs.PrimordialWyrmNPC.TownNPCMood.FarFromHome] - changed
[Mods.CalamityEntropy.NPCs.PrimordialWyrmNPC.TownNPCMood.HateCrowded] - changed
[Mods.CalamityEntropy.NPCs.PrimordialWyrmNPC.TownNPCMood.MonumentNearby] - added


[3.30-Changes]
[Mods.CalamityEntropy.Items.VoidRelics.Tooltip] - changed
[Mods.CalamityEntropy.Items.KamishiroKou.DisplayName] - added
[Mods.CalamityEntropy.Items.KamishiroKou.Tooltip] - added
[Mods.CalamityEntropy.Items.SacredStone.DisplayName] - added
[Mods.CalamityEntropy.Items.SacredStone.Tooltip] - added
[Mods.CalamityEntropy.Items.MoltenAnchor.DisplayName] - added
[Mods.CalamityEntropy.Items.MoltenAnchor.Tooltip] - added
[Mods.CalamityEntropy.Items.BottledFissure.DisplayName] - added
[Mods.CalamityEntropy.Items.BottledFissure.Tooltip] - added
[Mods.CalamityEntropy.Items.Fooveria.DisplayName] - added
[Mods.CalamityEntropy.Items.Fooveria.Tooltip] - added
[Mods.CalamityEntropy.Items.WingsOfHush.Tooltip] - changed
[Mods.CalamityEntropy.Items.VoidAnnihilate.Tooltip] - changed
[Mods.CalamityEntropy.Items.StarBreaker.Tooltip] - changed
[Mods.CalamityEntropy.Items.Weapons.Rogue.Silence.Tooltip] - changed
[Mods.CalamityEntropy.Items.Weapons.Rogue.SawofMacrocosm.Tooltip] - changed
[Mods.CalamityEntropy.Items.BlueFlatTopMushroom.DisplayName] - added
[Mods.CalamityEntropy.Items.BlueFlatTopMushroom.Tooltip] - added
[Mods.CalamityEntropy.Items.FrostboundCage.DisplayName] - added
[Mods.CalamityEntropy.Items.FrostboundCage.Tooltip] - added
[Mods.CalamityEntropy.Items.MoonlightCore.DisplayName] - added
[Mods.CalamityEntropy.Items.MoonlightCore.Tooltip] - added
[Mods.CalamityEntropy.Items.AzafureWarSatelliteAuthorizationKey.DisplayName] - added
[Mods.CalamityEntropy.Items.AzafureWarSatelliteAuthorizationKey.Tooltip] - added
[Mods.CalamityEntropy.Items.AzafureTwinSaw.DisplayName] - added
[Mods.CalamityEntropy.Items.AzafureTwinSaw.Tooltip] - added
[Mods.CalamityEntropy.Items.DeliciousAcorn.DisplayName] - added
[Mods.CalamityEntropy.Items.DeliciousAcorn.Tooltip] - added
[Mods.CalamityEntropy.Items.MagicHat.DisplayName] - added
[Mods.CalamityEntropy.Items.MagicHat.Tooltip] - added
[Mods.CalamityEntropy.Items.MutantBulb.DisplayName] - added
[Mods.CalamityEntropy.Items.MutantBulb.Tooltip] - added
[Mods.CalamityEntropy.Items.VoidEcho.Tooltip] - changed
[Mods.CalamityEntropy.Items.AzafureMicroBeacon.DisplayName] - added
[Mods.CalamityEntropy.Items.AzafureMicroBeacon.Tooltip] - added
[Mods.CalamityEntropy.Items.MechanicalTransmitter.DisplayName] - added
[Mods.CalamityEntropy.Items.MechanicalTransmitter.Tooltip] - added
[Mods.CalamityEntropy.Items.AzafurePowerSaw.Tooltip] - changed
[Mods.CalamityEntropy.BaitCommonTooltip2] - changed
[Mods.CalamityEntropy.BaitCommonTooltip1] - changed
[Mods.CalamityEntropy.Configs.Config.CalamityTextEffectCompatibilityFix.Label] - added
[Mods.CalamityEntropy.Configs.Config.CalamityTextEffectCompatibilityFix.Tooltip] - added
[Mods.CalamityEntropy.Projectiles.FrostShoot.DisplayName] - added
[Mods.CalamityEntropy.Projectiles.MechanicalTransmitterProjectile.DisplayName] - added
[Mods.CalamityEntropy.Projectiles.AzafureWarSatelliteAuthorizationKeyProjectile.DisplayName] - added
[Mods.CalamityEntropy.Projectiles.MutantBulbProjectile.DisplayName] - added
[Mods.CalamityEntropy.Projectiles.BlueFlatTopMushroomProjectile.DisplayName] - added
[Mods.CalamityEntropy.Projectiles.MoonlightLaser.DisplayName] - added
[Mods.CalamityEntropy.Projectiles.VoidEater.DisplayName] - added
[Mods.CalamityEntropy.Projectiles.BeaconDroneShoot.DisplayName] - added
[Mods.CalamityEntropy.Projectiles.AzafureAssaultDrone.DisplayName] - added
[Mods.CalamityEntropy.Projectiles.SquirrelStone.DisplayName] - added
[Mods.CalamityEntropy.Projectiles.BlueSporeCloud.DisplayName] - added
[Mods.CalamityEntropy.Projectiles.DeliciousAcornProjectile.DisplayName] - added
[Mods.CalamityEntropy.Projectiles.MutantVine.DisplayName] - added
[Mods.CalamityEntropy.Projectiles.SateliteLaser.DisplayName] - added
[Mods.CalamityEntropy.Projectiles.TrueEye.DisplayName] - added
[Mods.CalamityEntropy.Projectiles.AzafureMicroBeaconProjectile.DisplayName] - added
[Mods.CalamityEntropy.Projectiles.DetectorMinionLaser.DisplayName] - added
[Mods.CalamityEntropy.Projectiles.SacredStoneProjectile.DisplayName] - added
[Mods.CalamityEntropy.Projectiles.FrostboundSpirit.DisplayName] - added
[Mods.CalamityEntropy.Projectiles.WarSatellite.DisplayName] - added
[Mods.CalamityEntropy.Projectiles.MoonlightBeam.DisplayName] - added
[Mods.CalamityEntropy.Projectiles.BaitHeldEffect.DisplayName] - added
[Mods.CalamityEntropy.Projectiles.BlueFox.DisplayName] - added
[Mods.CalamityEntropy.Projectiles.SacredStoneSummon.DisplayName] - added
[Mods.CalamityEntropy.Projectiles.DesertNuisanceFriendly.DisplayName] - added
[Mods.CalamityEntropy.Projectiles.PigeonMinion.DisplayName] - added
[Mods.CalamityEntropy.Projectiles.AntlionShellProjectile.DisplayName] - added
[Mods.CalamityEntropy.Projectiles.BottledFissureProjectile.DisplayName] - added
[Mods.CalamityEntropy.Projectiles.MoltenAnchorProjectile.DisplayName] - added
[Mods.CalamityEntropy.Projectiles.MagicHatProjectile.DisplayName] - added
[Mods.CalamityEntropy.Projectiles.SacredShoot.DisplayName] - added
[Mods.CalamityEntropy.Projectiles.FrostboundCageProjectile.DisplayName] - added
[Mods.CalamityEntropy.Projectiles.SquirrerMinion.DisplayName] - added
[Mods.CalamityEntropy.Projectiles.MoonlightCoreProjectile.DisplayName] - added
[Mods.CalamityEntropy.Projectiles.DetectorMinion.DisplayName] - added
[Mods.CalamityEntropy.Projectiles.BoneSerpentFriendly.DisplayName] - added
[Mods.CalamityEntropy.AzafureEnhances.AzafureMicroBeacon] - added
[Mods.CalamityEntropy.AzafureEnhances.AzafurePowerSaw] - changed
[Mods.CalamityEntropy.AzafureEnhances.AzafureWarSatelliteAuthorizationKey] - added
[Mods.CalamityEntropy.AzafureEnhances.AzafureTwinSaw] - added


[3.30-Changes]
[Mods.CalamityEntropy.Projectiles.FooveriaIceShard.DisplayName] - added
[Mods.CalamityEntropy.Projectiles.TheDeadCutSlash.DisplayName] - added
[Mods.CalamityEntropy.Projectiles.AzafureSawSpark.DisplayName] - added
[Mods.CalamityEntropy.Projectiles.ArbitratorStealthImpactSpawner.DisplayName] - added
[Mods.CalamityEntropy.Projectiles.AzafureTwinSawHeld.DisplayName] - added
[Mods.CalamityEntropy.Projectiles.ArbitratorStealthImpact.DisplayName] - added
[Mods.CalamityEntropy.Projectiles.FooveriaHeld.DisplayName] - added
[Mods.CalamityEntropy.Items.RedDragonHorn.Tooltip] - changed
[Mods.CalamityEntropy.Items.ThreadOfFate.HoldShiftForDetails] - changed
[Mods.CalamityEntropy.Items.ThreadOfFate.Tooltip] - changed
[Mods.CalamityEntropy.Items.Antler.Tooltip] - changed
[Mods.CalamityEntropy.Items.Weapons.Rogue.ArbitratorII.Tooltip] - changed
[Mods.CalamityEntropy.Items.Weapons.Rogue.TheDeadCut.Tooltip] - changed
[Mods.CalamityEntropy.Items.ThreadOfAbyss.HoldShiftForDetails] - changed
[Mods.CalamityEntropy.Items.ThreadOfAbyss.Tooltip] - changed
[Mods.CalamityEntropy.Items.LingsHairAccessory.Tooltip] - changed
[Mods.CalamityEntropy.Items.AstralSample.DisplayName] - added
[Mods.CalamityEntropy.Items.AstralSample.Tooltip] - added
[Mods.CalamityEntropy.Items.ExquisiteHairband.Tooltip] - changed
[Mods.CalamityEntropy.Items.DustyStar.Tooltip] - changed
[Mods.CalamityEntropy.Items.BlackFlower.Tooltip] - changed
[Mods.CalamityEntropy.Items.CursedThread.HoldShiftForDetails] - changed
[Mods.CalamityEntropy.Items.CursedThread.Tooltip] - changed
[Mods.CalamityEntropy.Items.DreamCatcher.Tooltip] - changed


[3.33-Changes]
// 脱离灾厄独立化：潜行/盗贼体系退役改蓄势大招、灾厄引用清理、PortsDoT 减益、新材料与召唤物
// en-US 已同步全部条目；ru-RU 仅同步 removed 与新增键占位（注释形式回退 en-US），全部 added/changed 条目待母语润色
[Mods.CalamityEntropy.Items.AzafureCircuitry.DisplayName] - added
[Mods.CalamityEntropy.Items.AzafureCircuitry.Tooltip] - added
[Mods.CalamityEntropy.Items.AzafurePlating.DisplayName] - added
[Mods.CalamityEntropy.Items.AzafurePlating.Tooltip] - added
[Mods.CalamityEntropy.Items.StarlitScaleDust.DisplayName] - added
[Mods.CalamityEntropy.Items.StarlitScaleDust.Tooltip] - added
[Mods.CalamityEntropy.Items.WraithSoulEssence.DisplayName] - added
[Mods.CalamityEntropy.Items.WraithSoulEssence.Tooltip] - added
[Mods.CalamityEntropy.Items.AbyssalSigil.DisplayName] - added
[Mods.CalamityEntropy.Items.AbyssalSigil.Tooltip] - added
[Mods.CalamityEntropy.Items.EntropyStarterBag.DisplayName] - added
[Mods.CalamityEntropy.Items.EntropyStarterBag.Tooltip] - added
[Mods.CalamityEntropy.Projectiles.AbyssalSigilRitual.DisplayName] - added
[Mods.CalamityEntropy.Projectiles.PartySparkle.DisplayName] - added
[Mods.CalamityEntropy.Projectiles.TyrantPhantomBlade.DisplayName] - added
[Mods.CalamityEntropy.Buffs.AstralInfectionDebuff.DisplayName] - added
[Mods.CalamityEntropy.Buffs.AstralInfectionDebuff.Description] - added
[Mods.CalamityEntropy.Buffs.Dragonfire.DisplayName] - added
[Mods.CalamityEntropy.Buffs.Dragonfire.Description] - added
[Mods.CalamityEntropy.Buffs.HolyFlames.DisplayName] - added
[Mods.CalamityEntropy.Buffs.HolyFlames.Description] - added
[Mods.CalamityEntropy.Buffs.GodSlayerInferno.DisplayName] - added
[Mods.CalamityEntropy.Buffs.GodSlayerInferno.Description] - added
[Mods.CalamityEntropy.Buffs.BrimstoneFlames.DisplayName] - added
[Mods.CalamityEntropy.Buffs.BrimstoneFlames.Description] - added
[Mods.CalamityEntropy.Buffs.Plague.DisplayName] - added
[Mods.CalamityEntropy.Buffs.Plague.Description] - added
[Mods.CalamityEntropy.Buffs.MiracleBlight.DisplayName] - added
[Mods.CalamityEntropy.Buffs.MiracleBlight.Description] - added
[Mods.CalamityEntropy.Buffs.CrushDepth.DisplayName] - added
[Mods.CalamityEntropy.Buffs.CrushDepth.Description] - added
[Mods.CalamityEntropy.Buffs.SulphuricPoisoning.DisplayName] - added
[Mods.CalamityEntropy.Buffs.SulphuricPoisoning.Description] - added
[Mods.CalamityEntropy.Buffs.Nightwither.DisplayName] - added
[Mods.CalamityEntropy.Buffs.Nightwither.Description] - added
[Mods.CalamityEntropy.Buffs.BurningBlood.DisplayName] - added
[Mods.CalamityEntropy.Buffs.BurningBlood.Description] - added
[Mods.CalamityEntropy.Buffs.BrainRot.DisplayName] - added
[Mods.CalamityEntropy.Buffs.BrainRot.Description] - added
[Mods.CalamityEntropy.Buffs.BanishingFire.DisplayName] - added
[Mods.CalamityEntropy.Buffs.BanishingFire.Description] - added
[Mods.CalamityEntropy.Buffs.Voidfrost.DisplayName] - added
[Mods.CalamityEntropy.Buffs.Voidfrost.Description] - added
[Mods.CalamityEntropy.Buffs.VulnerabilityHex.DisplayName] - added
[Mods.CalamityEntropy.Buffs.VulnerabilityHex.Description] - added
[Mods.CalamityEntropy.Buffs.TrueVulnerabilityHex.DisplayName] - added
[Mods.CalamityEntropy.Buffs.TrueVulnerabilityHex.Description] - added
[Mods.CalamityEntropy.Buffs.ElementalMix.DisplayName] - added
[Mods.CalamityEntropy.Buffs.ElementalMix.Description] - added
[Mods.CalamityEntropy.Buffs.HadopelagicPressure.DisplayName] - added
[Mods.CalamityEntropy.Buffs.HadopelagicPressure.Description] - added
[Mods.CalamityEntropy.Buffs.HeavyBleeding.DisplayName] - added
[Mods.CalamityEntropy.Buffs.HeavyBleeding.Description] - added
[Mods.CalamityEntropy.Buffs.VermillionFlux.DisplayName] - added
[Mods.CalamityEntropy.Buffs.VermillionFlux.Description] - added
[Mods.CalamityEntropy.Buffs.AuricRebuke.DisplayName] - added
[Mods.CalamityEntropy.Buffs.AuricRebuke.Description] - added
[Mods.CalamityEntropy.Buffs.GalvanicCorrosion.DisplayName] - added
[Mods.CalamityEntropy.Buffs.GalvanicCorrosion.Description] - added
[Mods.CalamityEntropy.Buffs.WindChilled.DisplayName] - added
[Mods.CalamityEntropy.Buffs.WindChilled.Description] - added
[Mods.CalamityEntropy.Buffs.Irradiated.DisplayName] - added
[Mods.CalamityEntropy.Buffs.Irradiated.Description] - added
[Mods.CalamityEntropy.Buffs.ArmorCrunch.DisplayName] - added
[Mods.CalamityEntropy.Buffs.ArmorCrunch.Description] - added
[Mods.CalamityEntropy.Buffs.Crumbling.DisplayName] - added
[Mods.CalamityEntropy.Buffs.Crumbling.Description] - added
[Mods.CalamityEntropy.Buffs.MarkedforDeath.DisplayName] - added
[Mods.CalamityEntropy.Buffs.MarkedforDeath.Description] - added
[Mods.CalamityEntropy.Buffs.TemporalSadness.DisplayName] - added
[Mods.CalamityEntropy.Buffs.TemporalSadness.Description] - added
[Mods.CalamityEntropy.Buffs.WhisperingDeath.DisplayName] - added
[Mods.CalamityEntropy.Buffs.WhisperingDeath.Description] - added
[Mods.CalamityEntropy.Buffs.CosmicFreeze.DisplayName] - added
[Mods.CalamityEntropy.Buffs.CosmicFreeze.Description] - added
[Mods.CalamityEntropy.Buffs.Laceration.DisplayName] - added
[Mods.CalamityEntropy.Buffs.Laceration.Description] - added
[Mods.CalamityEntropy.Keybinds.ArmorSetBonus.DisplayName] - added
[Mods.CalamityEntropy.Keybinds.Dash.DisplayName] - added
[Mods.CalamityEntropy.Keybinds.AccessoryAbility.DisplayName] - added
[Mods.CalamityEntropy.Configs.Config.TextEffects.Label] - added
[Mods.CalamityEntropy.Configs.Config.TextEffects.Tooltip] - added
[Mods.CalamityEntropy.Configs.Config.ScreenShakePower.Label] - added
[Mods.CalamityEntropy.Configs.Config.ScreenShakePower.Tooltip] - added
[Mods.CalamityEntropy.ChargeReady] - added
[Mods.CalamityEntropy.KeyNotBound] - added
[Mods.CalamityEntropy.LoreHoldShift] - added
[Mods.CalamityEntropy.Status.Death.AuricRejection] - added
[Mods.CalamityEntropy.NPCs.Cruiser.BossChecklistIntegration.EntryName] - added
[Mods.CalamityEntropy.NPCs.Cruiser.BossChecklistIntegration.SpawnInfo] - added
[Mods.CalamityEntropy.NPCs.Cruiser.BossChecklistIntegration.DespawnMessage] - added
[Mods.CalamityEntropy.NPCs.AbyssalWraith.BossChecklistIntegration.EntryName] - added
[Mods.CalamityEntropy.NPCs.AbyssalWraith.BossChecklistIntegration.SpawnInfo] - added
[Mods.CalamityEntropy.NPCs.AbyssalWraith.BossChecklistIntegration.DespawnMessage] - added
[Mods.CalamityEntropy.Items.Weapons.Rogue.Revelation.Tooltip] - changed
[Mods.CalamityEntropy.Items.Weapons.Rogue.Silence.Tooltip] - changed
[Mods.CalamityEntropy.Items.Weapons.Rogue.ShadewindLance.Tooltip] - changed
[Mods.CalamityEntropy.Items.Weapons.Rogue.Aquashard.Tooltip] - changed
[Mods.CalamityEntropy.Items.Weapons.Rogue.SpearOfRadiance.Tooltip] - changed
[Mods.CalamityEntropy.Items.Weapons.Rogue.AbyssalPiercer.Tooltip] - changed
[Mods.CalamityEntropy.Items.Weapons.Rogue.AzureOfFirmament.Tooltip] - changed
[Mods.CalamityEntropy.Items.Weapons.Rogue.ArbitratorII.Tooltip] - changed
[Mods.CalamityEntropy.Items.Weapons.Rogue.Voidseeker.Tooltip] - changed
[Mods.CalamityEntropy.Items.Weapons.Rogue.TheBeginingAndTheEnd.Tooltip] - changed
[Mods.CalamityEntropy.Items.Weapons.Rogue.AmethystFrisbee.Tooltip] - changed
[Mods.CalamityEntropy.Items.Weapons.Rogue.ProphecyFlyingKnife.Tooltip] - changed
[Mods.CalamityEntropy.Items.Weapons.Rogue.TheDeadCut.Tooltip] - changed
[Mods.CalamityEntropy.Items.Weapons.Rogue.LunarPlank.Tooltip] - changed
[Mods.CalamityEntropy.Items.Weapons.Rogue.AzafureSurgeRod.Tooltip] - changed
[Mods.CalamityEntropy.Items.Weapons.Rogue.TlipocasScythe.Tooltip] - changed
[Mods.CalamityEntropy.Items.Weapons.Rogue.AzafureLightMachineGun.Tooltip] - changed
[Mods.CalamityEntropy.Items.Weapons.Rogue.AzafureAirReaper.Tooltip] - changed
[Mods.CalamityEntropy.Items.Weapons.Rogue.CrystalSpike.Tooltip] - changed
[Mods.CalamityEntropy.Items.Weapons.Rogue.ScorchingChakram.Tooltip] - changed
[Mods.CalamityEntropy.Items.Weapons.Rogue.EmberSpike.Tooltip] - changed
[Mods.CalamityEntropy.Items.Weapons.Rogue.MewMewBomb.Tooltip] - changed
[Mods.CalamityEntropy.Items.Weapons.Rogue.BrillianceSwirlblade.Tooltip] - changed
[Mods.CalamityEntropy.Items.Weapons.Rogue.FlamingSwirlblade.Tooltip] - changed
[Mods.CalamityEntropy.Items.Weapons.Rogue.AzafureSwirlblade.Tooltip] - changed
[Mods.CalamityEntropy.Items.Weapons.Rogue.GlacierSwirlblade.Tooltip] - changed
[Mods.CalamityEntropy.Items.Weapons.Rogue.RunicSwirlblade.Tooltip] - changed
[Mods.CalamityEntropy.Items.Weapons.Rogue.BlazingSwirlblade.Tooltip] - changed
[Mods.CalamityEntropy.Items.Weapons.Rogue.SawofMacrocosm.Tooltip] - changed
[Mods.CalamityEntropy.Items.Weapons.Rogue.ExergySwirlblade.Tooltip] - changed
[Mods.CalamityEntropy.Items.Weapons.Rogue.Apeirokyklos.Tooltip] - changed
[Mods.CalamityEntropy.Items.DedicatedOracle.Tooltip] - changed
[Mods.CalamityEntropy.Items.CrossBorderPursuit.Tooltip] - changed
[Mods.CalamityEntropy.Items.ShadowMantle.Tooltip] - changed
[Mods.CalamityEntropy.Items.MineBox.Tooltip] - changed
[Mods.CalamityEntropy.Items.LurkersCharm.Tooltip] - changed
[Mods.CalamityEntropy.Items.ThiefsPocketwatchOfEclipse.Tooltip] - changed
[Mods.CalamityEntropy.Items.GaleWristblades.Tooltip] - changed
[Mods.CalamityEntropy.Items.WorshipRelic.Tooltip] - changed
[Mods.CalamityEntropy.Items.ShadowPact.Tooltip] - changed
[Mods.CalamityEntropy.Items.OracleDeck.Tooltip] - changed
[Mods.CalamityEntropy.Items.MetropolisCard.Tooltip] - changed
[Mods.CalamityEntropy.Items.Barren.Tooltip] - changed
[Mods.CalamityEntropy.Items.TaintedDeck.Tooltip] - changed
[Mods.CalamityEntropy.Items.VoidFaquirLurkerMask.Tooltip] - changed
[Mods.CalamityEntropy.Items.SilvasCrown.Tooltip] - changed
[Mods.CalamityEntropy.Items.HeartOfStorm.Tooltip] - changed
[Mods.CalamityEntropy.Items.OdinsRefuge.Tooltip] - changed
[Mods.CalamityEntropy.Items.CelestialChronometer.Tooltip] - changed
[Mods.CalamityEntropy.Items.BookmarkSnowgrave.Tooltip] - changed
[Mods.CalamityEntropy.Items.BookmarkStarwreckage.Tooltip] - changed
[Mods.CalamityEntropy.Items.BookmarkWulfrum.Tooltip] - changed
[Mods.CalamityEntropy.Items.BookmarkBloodthirsty.Tooltip] - changed
[Mods.CalamityEntropy.Items.WulfrumSniper.Tooltip] - changed
[Mods.CalamityEntropy.Items.DeusCore.Tooltip] - changed
[Mods.CalamityEntropy.Items.IlmeranAsylum.Tooltip] - changed
[Mods.CalamityEntropy.Items.EntropyModeToggle.Tooltip] - changed
[Mods.CalamityEntropy.Items.Vast.Level4] - changed
[Mods.CalamityEntropy.Items.WhipOfService.Tooltip] - changed
[Mods.CalamityEntropy.SmolderingSetBonus] - changed
[Mods.CalamityEntropy.ChaoticSetBonus] - changed
[Mods.CalamityEntropy.VoidEaterBonus] - changed
[Mods.CalamityEntropy.MariviniumSet] - changed
[Mods.CalamityEntropy.DeathMode] - changed
[Mods.CalamityEntropy.AmmoStarblightSoot] - changed
[Mods.CalamityEntropy.AbyssalPiercerObt] - changed
[Mods.CalamityEntropy.CruiserBestiary] - changed
[Mods.CalamityEntropy.WyrmChat9] - changed
[Mods.CalamityEntropy.EntropyModeDescShort] - changed
[Mods.CalamityEntropy.helmvfl] - changed
[Mods.CalamityEntropy.ArmorPrefixSilenceDescription] - changed
[Mods.CalamityEntropy.ArmorPrefixArmorPrefixEchoDescription] - changed
[Mods.CalamityEntropy.PrefixEchoDescr] - changed
[Mods.CalamityEntropy.PrefixVigorousDescr] - changed
[Mods.CalamityEntropy.AzafureSet] - changed
[Mods.CalamityEntropy.AzafureSet2] - changed
[Mods.CalamityEntropy.AzafureSet3] - changed
[Mods.CalamityEntropy.TSA1B] - changed
[Mods.CalamityEntropy.TSA2B] - changed
[Mods.CalamityEntropy.TSA3] - changed
[Mods.CalamityEntropy.TSA5] - changed
[Mods.CalamityEntropy.TSU5] - changed
[Mods.CalamityEntropy.TSU6] - changed
[Mods.CalamityEntropy.TSU7] - changed
[Mods.CalamityEntropy.TSU9] - changed
[Mods.CalamityEntropy.NPCs.PrimordialWyrmNPC.Census.SpawnCondition] - changed
[Mods.CalamityEntropy.NPCs.AcropolisMachine.BossChecklistIntegration.SpawnInfo] - changed
[Mods.CalamityEntropy.Buffs.WindPressure.ItemTooltip] - changed
[Mods.CalamityEntropy.AzafureEnhances.AzafureLightMachineGun] - changed
[Mods.CalamityEntropy.LegendaryAbility.TlipocasScytheLegend.Downed.TScytheU1B] - changed
[Mods.CalamityEntropy.LegendaryAbility.TlipocasScytheLegend.Downed.TScytheU2B] - changed
[Mods.CalamityEntropy.LegendaryAbility.TlipocasScytheLegend.Downed.TScytheU5] - changed
[Mods.CalamityEntropy.LegendaryAbility.TlipocasScytheLegend.Downed.TScytheU6] - changed
[Mods.CalamityEntropy.LegendaryAbility.TlipocasScytheLegend.Downed.TScytheU7] - changed
[Mods.CalamityEntropy.LegendaryAbility.TlipocasScytheLegend.Downed.TScytheU9] - changed
[Mods.CalamityEntropy.LegendaryAbility.TlipocasScytheLegend.Dialog.TScytheDia3] - changed
[Mods.CalamityEntropy.LegendaryAbility.TlipocasScytheLegend.Dialog.TScytheDia5] - changed
[Mods.CalamityEntropy.LegendaryAbility.TlipocasScytheLegend.Dialog.TScytheDia6] - changed
[Mods.CalamityEntropy.LegendaryAbility.TlipocasScytheLegend.Dialog.TScytheDia8] - changed
[Mods.CalamityEntropy.LegendaryAbility.TlipocasScytheLegend.Dialog.TScytheDia11] - changed
[Mods.CalamityEntropy.LegendaryAbility.TlipocasScytheLegend.Dialog.TScytheDia12] - changed
[Mods.CalamityEntropy.LegendaryAbility.TlipocasScytheLegend.Dialog.TScytheDia13] - changed
[Mods.CalamityEntropy.LegendaryAbility.TlipocasScytheLegend.Dialog.TScytheDia14] - changed
[Mods.CalamityEntropy.LegendaryAbility.TlipocasScytheLegend.Dialog.TScytheDia15] - changed
[Mods.CalamityEntropy.LegendaryAbility.TlipocasScytheLegend.Dialog.TScytheDia16] - changed
[Mods.CalamityEntropy.LegendaryAbility.DCarverDia2] - changed
[Mods.CalamityEntropy.LegendaryAbility.DCarverDia4] - changed
[Mods.CalamityEntropy.LegendaryAbility.DCarverDia5] - changed
[Mods.CalamityEntropy.LegendaryAbility.DCarverDia7] - changed
[Mods.CalamityEntropy.LegendaryAbility.DCarverDia10] - changed
[Mods.CalamityEntropy.LegendaryAbility.DCarverDia11] - changed
[Mods.CalamityEntropy.LegendaryAbility.DCarverDia12] - changed
[Mods.CalamityEntropy.LegendaryAbility.DCarverDia13] - changed
[Mods.CalamityEntropy.LegendaryAbility.DCarverDia14] - changed
[Mods.CalamityEntropy.LegendaryAbility.DCarverDia15] - changed
[Mods.CalamityEntropy.LegendaryAbility.SusiesBracelet.Trials.t5] - changed
[Mods.CalamityEntropy.LegendaryAbility.SusiesBracelet.Trials.t7] - changed
[Mods.CalamityEntropy.LegendaryAbility.SusiesBracelet.Trials.t8] - changed
[Mods.CalamityEntropy.LegendaryAbility.SusiesBracelet.Trials.t9] - changed
[Mods.CalamityEntropy.LegendaryAbility.SusiesBracelet.Trials.t10] - changed
[Mods.CalamityEntropy.Items.Accessories.Wings.FlowingLight.Tooltip] - changed
[Mods.CalamityEntropy.Configs.Config.MariviumArmorSetOnlyProvideStealthBarWhenHoldingRogueWeapons.Label] - removed
[Mods.CalamityEntropy.Configs.Config.MariviumArmorSetOnlyProvideStealthBarWhenHoldingRogueWeapons.Tooltip] - removed
[Mods.CalamityEntropy.Configs.Config.CalamityTextEffectCompatibilityFix.Label] - removed
[Mods.CalamityEntropy.Configs.Config.CalamityTextEffectCompatibilityFix.Tooltip] - removed
[Mods.CalamityEntropy.Configs.ServerConfig.ClearStealthWhenChangeEquipSet.Label] - removed
[Mods.CalamityEntropy.Configs.ServerConfig.ClearStealthWhenChangeEquipSet.Tooltip] - removed
[Mods.CalamityEntropy.Configs.ServerConfig.RogueAccessoriesProvide40Stealth.Label] - removed
[Mods.CalamityEntropy.Configs.ServerConfig.RogueAccessoriesProvide40Stealth.Tooltip] - removed
[Mods.CalamityEntropy.BloodBoiling] - removed
[Mods.CalamityEntropy.BloodBoilingDescr] - removed
[Mods.CalamityEntropy.InfernumIntros.NihilityTwin] - removed
[Mods.CalamityEntropy.InfernumIntros.Cruiser] - removed
[Mods.CalamityEntropy.InfernumIntros.Prophet] - removed
[Mods.CalamityEntropy.InfernumIntros.Luminaris] - removed
[Mods.CalamityEntropy.InfernumIntros.Apsychos] - removed
[Mods.CalamityEntropy.PWSpawnInfo] - removed
[Mods.CalamityEntropy.CrossModSupportFish] - removed
[Mods.CalamityEntropy.ShadowBar] - removed
[Mods.CalamityEntropy.ShadowBarInfo] - removed
[Mods.CalamityEntropy.SolarBar] - removed
[Mods.CalamityEntropy.SolarBarInfo] - removed
[Mods.CalamityEntropy.ShiftMoreInfo] - removed
[Mods.CalamityEntropy.NPCs.PrimordialWyrmNPC.TownNPCMood.MonumentNearby] - removed
[Mods.CalamityEntropy.PassedBossRush] - removed
[Mods.CalamityEntropy.LMDialog15] - removed
[Mods.CalamityEntropy.Items.HeartOfStorm.CWRGanged] - removed
[Mods.CalamityEntropy.NPCs.CruiserHead.BossChecklistIntegration.EntryName] - removed // 键路径迁移至 NPCs.Cruiser.BossChecklistIntegration（代码读取键名变更）
[Mods.CalamityEntropy.NPCs.CruiserHead.BossChecklistIntegration.SpawnInfo] - removed
[Mods.CalamityEntropy.NPCs.CruiserHead.BossChecklistIntegration.DespawnMessage] - removed
[Mods.CalamityEntropy.TSL1] - removed // TSL1-TSL16/TSLEnd 为无代码引用的死键（实际使用 LegendaryAbility.TScytheDia 系）
[Mods.CalamityEntropy.TSL2] - removed
[Mods.CalamityEntropy.TSL3] - removed
[Mods.CalamityEntropy.TSL4] - removed
[Mods.CalamityEntropy.TSL5] - removed
[Mods.CalamityEntropy.TSL6] - removed
[Mods.CalamityEntropy.TSL7] - removed
[Mods.CalamityEntropy.TSL8] - removed
[Mods.CalamityEntropy.TSL9] - removed
[Mods.CalamityEntropy.TSL10] - removed
[Mods.CalamityEntropy.TSL11] - removed
[Mods.CalamityEntropy.TSL12] - removed
[Mods.CalamityEntropy.TSL13] - removed
[Mods.CalamityEntropy.TSL14] - removed
[Mods.CalamityEntropy.TSL15] - removed
[Mods.CalamityEntropy.TSL16] - removed
[Mods.CalamityEntropy.TSLEnd] - removed
[Mods.CalamityEntropy.Tiles.LavaFountain] - added // 熔岩喷泉地图名(FurnitureCommon.SetUpFountain)
[Mods.CalamityEntropy.Misc.HotkeyNotBound] - added // 键位未绑定提示(CEUtils.TooltipHotkeyString)
[Mods.CalamityEntropy.LegendaryAbility.TlipocasScytheLegend.Ability.TScytheA2B] - changed // 传送斩冷却写明30秒/击败巡游者后20秒
[Mods.CalamityEntropy.LegendaryAbility.TlipocasScytheLegend.Ability.TScytheA4] - changed // 虚空赋能写明8秒/击败巡游者后15秒,+20%伤害
[Mods.CalamityEntropy.LegendaryAbility.TlipocasScytheLegend.Ability.TScytheA5] - changed // 修复文本中的制表符错字
[Mods.CalamityEntropy.Buffs.WindPressure.DisplayName] - removed // 疾风腕刃旧充能机制死链,buff类一并删除
[Mods.CalamityEntropy.Buffs.WindPressure.Description] - removed
[Mods.CalamityEntropy.Buffs.WindPressure.ItemTooltip] - removed
[Mods.CalamityEntropy.KilledByBloodBoiling] - removed // 血沸附魔已删除,死亡播报触发链断死
[Mods.CalamityEntropy.DraedonDialogs.Void.Inquiry] - removed // 消费文件CalEntropyDraedonDialogs.cs已删,代码零引用
[Mods.CalamityEntropy.DraedonDialogs.Void.Response] - removed
[Mods.CalamityEntropy.LoreAwakeningDesc] - removed // 以下40键为灾厄Boss传颂系孤儿键:效果类随脱离灾厄删除,代码零引用(自有活键LoreApsychosDesc/LuminarisLoreDesc保留)
[Mods.CalamityEntropy.LoreKingSlimeDesc] - removed
[Mods.CalamityEntropy.LoreDesertScourgeDesc] - removed
[Mods.CalamityEntropy.LoreCrimsonDesc] - removed
[Mods.CalamityEntropy.LoreCrabulonDesc] - removed
[Mods.CalamityEntropy.LoreEyeofCthulhuDesc] - removed
[Mods.CalamityEntropy.LoreCorruptionDesc] - removed
[Mods.CalamityEntropy.LoreBrainofCthulhuDesc] - removed
[Mods.CalamityEntropy.LoreQueenBeeDesc] - removed
[Mods.CalamityEntropy.LoreHiveMindDesc] - removed
[Mods.CalamityEntropy.LorePerforatorsDesc] - removed
[Mods.CalamityEntropy.LoreEaterofWorldsDesc] - removed
[Mods.CalamityEntropy.LoreSkeletronDesc] - removed
[Mods.CalamityEntropy.LoreSlimeGodDesc] - removed
[Mods.CalamityEntropy.LoreUnderworldDesc] - removed
[Mods.CalamityEntropy.LoreWallofFleshDesc] - removed
[Mods.CalamityEntropy.LoreBloodMoonDesc] - removed
[Mods.CalamityEntropy.LoreQueenSlimeDesc] - removed
[Mods.CalamityEntropy.LoreArchmageDesc] - removed
[Mods.CalamityEntropy.LoreMechsDesc] - removed
[Mods.CalamityEntropy.LoreTwinsDesc] - removed
[Mods.CalamityEntropy.LoreDestroyerDesc] - removed
[Mods.CalamityEntropy.LoreSkeletronPrimeDesc] - removed
[Mods.CalamityEntropy.LoreSulphurSeaDesc] - removed
[Mods.CalamityEntropy.LoreAzafureDesc] - removed
[Mods.CalamityEntropy.LoreCalamitasCloneDesc] - removed
[Mods.CalamityEntropy.LorePlanteraDesc] - removed
[Mods.CalamityEntropy.LoreAquaticScourgeDesc] - removed
[Mods.CalamityEntropy.LoreAbyssDesc] - removed
[Mods.CalamityEntropy.LoreLeviathanAnahitaDesc] - removed
[Mods.CalamityEntropy.LoreAstrumAureusDesc] - removed
[Mods.CalamityEntropy.LoreBrimstoneElementalDesc] - removed
[Mods.CalamityEntropy.LoreGolemDesc] - removed
[Mods.CalamityEntropy.LorePlaguebringerGoliathDesc] - removed
[Mods.CalamityEntropy.LoreEmpressofLightDesc] - removed
[Mods.CalamityEntropy.LoreDukeFishronDesc] - removed
[Mods.CalamityEntropy.LoreRavagerDesc] - removed
[Mods.CalamityEntropy.LorePreludeDesc] - removed
[Mods.CalamityEntropy.LoreAstralInfectionDesc] - removed
[Mods.CalamityEntropy.LoreAstrumDeusDesc] - removed
[Mods.CalamityEntropy.Items.VoidDimensionLocator.DisplayName] - added // 虚空入侵开启物品(M1 事件框架)
[Mods.CalamityEntropy.Items.VoidDimensionLocator.Tooltip] - added
[Mods.CalamityEntropy.VoidInvasion.Title] - added // 事件标题(进度条与广播用)
[Mods.CalamityEntropy.VoidInvasion.Begin] - added // 事件开场广播
[Mods.CalamityEntropy.VoidInvasion.Victory] - added // 事件胜利广播
[Mods.CalamityEntropy.VoidInvasion.ProgressPercent] - added // 进度条百分比文本格式
[Mods.CalamityEntropy.NPCs.VoidCultistWarlock.DisplayName] - added // 虚空术士(M2 骚扰层)
[Mods.CalamityEntropy.NPCs.VoidCandleWisp.DisplayName] - added // 虚空烛灵(M2 骚扰层)
[Mods.CalamityEntropy.NPCs.VoidTemplar.DisplayName] - added // 虚空护教骑士(M2 主力层)
[Mods.CalamityEntropy.Projectiles.HealWisp.DisplayName] - added // 术士治疗光灵
[Mods.CalamityEntropy.Projectiles.VoidFireball.DisplayName] - added // 烛灵火球
[Mods.CalamityEntropy.Projectiles.VoidGroundFlame.DisplayName] - added // 火球落地残焰
[Mods.CalamityEntropy.Projectiles.VoidFlameBreath.DisplayName] - added // 喷焰通用件(烛灵/M3 爬行者)
[Mods.CalamityEntropy.NPCs.VoidGolem.DisplayName] - added // 虚空魔像(M3 精英层)
[Mods.CalamityEntropy.NPCs.VoidCrawlerHead.DisplayName] - added // 虚空爬行者(M3 主力层,体节尾同名)
[Mods.CalamityEntropy.NPCs.VoidCrawlerBody.DisplayName] - added
[Mods.CalamityEntropy.NPCs.VoidCrawlerTail.DisplayName] - added
[Mods.CalamityEntropy.NPCs.VoidPredatorHead.DisplayName] - added // 虚空掠食者(M3 精英层,体节尾同名)
[Mods.CalamityEntropy.NPCs.VoidPredatorBody.DisplayName] - added
[Mods.CalamityEntropy.NPCs.VoidPredatorTail.DisplayName] - added
[Mods.CalamityEntropy.NPCs.VoidmawShark.DisplayName] - added // 噬虚鲨(M3 精英层)
[Mods.CalamityEntropy.NPCs.ChaosChimera.DisplayName] - added // 混沌嵌合体(M3 精英层,显示名统一"嵌合体",美术文件夹实名"融合体")
[Mods.CalamityEntropy.Projectiles.VoidPortal.DisplayName] - added // 全事件通用传送门演出件(§0.3 支柱 1)
[Mods.CalamityEntropy.Projectiles.GolemShockwave.DisplayName] - added // 魔像跳锤贴地冲击波
[Mods.CalamityEntropy.Projectiles.GolemLightPillar.DisplayName] - added // 魔像光柱锤击(每第 3 锤)
[Mods.CalamityEntropy.Projectiles.ChimeraClawSlash.DisplayName] - added // 嵌合体双爪连击判定
[Mods.CalamityEntropy.Projectiles.ChimeraGroundSpike.DisplayName] - added // 嵌合体插地爆发地刺
[Mods.CalamityEntropy.NPCs.VoidCardinal.DisplayName] - added // 红衣主教(M4 指挥层,场上限 1)
[Mods.CalamityEntropy.Projectiles.VoidLightningBolt.DisplayName] - added // 主教虚空闪电(警示线 30t 后沿线放电 2 次)
[Mods.CalamityEntropy.NPCs.RiftWraith.DisplayName] - added // 裂隙恶灵(M5 事件小 Boss,深渊亡魂事件回声)
[Mods.CalamityEntropy.NPCs.EntropyFiend.DisplayName] - added // 虚熵魔物(M5 99% 守门小 Boss)
[Mods.CalamityEntropy.Projectiles.VoidCrystal.DisplayName] - added // 魔物统一水晶弹幕(扇射/环形/蜕晶)
[Mods.CalamityEntropy.Projectiles.VoidCrystalCage.DisplayName] - added // 魔物水晶牢笼(单弹幕承载围环)
[Mods.CalamityEntropy.NPCs.VoidWormlet.DisplayName] - added // 虚空蠕虫(M6 教皇门中演出怪)
[Mods.CalamityEntropy.Projectiles.PopeChain.DisplayName] - added // 死怨铁索(M6 教皇三阶段通用模板)
[Mods.CalamityEntropy.Projectiles.DeathBomb.DisplayName] - added // 死亡爆弹(M6 教皇 P1-2)
[Mods.CalamityEntropy.Projectiles.DeathBombLaser.DisplayName] - added // 爆弹充能期的 6 向放射激光
[Mods.CalamityEntropy.Projectiles.PopeScytheSlash.DisplayName] - added // 魔镰旋斩判定弧(M6 教皇 P1-4)
[Mods.CalamityEntropy.Projectiles.VPVoidLightBall.DisplayName] - removed // 教皇原型旧三态弹幕随 M6 重写删除
[Mods.CalamityEntropy.Projectiles.VPRot.DisplayName] - removed // 同上,旧环绕判定线弹幕删除
[Mods.CalamityEntropy.Projectiles.MagicEyeBolt.DisplayName] - added // 魔焰弹(M7 教皇 P2 通用小弹幕,追踪/直飞两模式)
[Mods.CalamityEntropy.Projectiles.DimensionDisc.DisplayName] - added // 维度魔盘(M7 教皇 P2-5/7/8)
[Mods.CalamityEntropy.Projectiles.DiscBeam.DisplayName] - added // 魔盘贯穿巨激光(M7 教皇 P2-5,宽 90px 厚束)
[Mods.CalamityEntropy.Projectiles.OmniscientEye.DisplayName] - added // 全知之眼(M7 教皇 P2-6/6s)
[Mods.CalamityEntropy.Projectiles.MaliceClawProj.DisplayName] - added // 恶念之爪(M7 教皇 P2-7)
[Mods.CalamityEntropy.NPCs.LightningOrb.DisplayName] - added // 闪电球(M8 教皇 P3-2 可击破放电单位)
[Mods.CalamityEntropy.Projectiles.ReflectLaser.DisplayName] - added // 反射激光(M8 教皇 P3-4,触领域边界反射四段)
[Mods.CalamityEntropy.NPCs.VoidPope.DisplayName] - changed // M9 正名:虚空教主 → 虚空教皇(void-invasion.md §0.4 正典)
[Mods.CalamityEntropy.NPCs.VoidPopeHand.DisplayName] - changed // 随本体正名(ru 同步改 Понтифик 谱系)
[Mods.CalamityEntropy.NPCs.VoidPope.BossChecklistIntegration.EntryName] - added // M9 BossChecklist 教皇条目(weight 21.5)
[Mods.CalamityEntropy.NPCs.VoidPope.BossChecklistIntegration.SpawnInfo] - added
[Mods.CalamityEntropy.NPCs.VoidPope.BossChecklistIntegration.DespawnMessage] - added
[Mods.CalamityEntropy.VoidInvasion.BossChecklistIntegration.EntryName] - added // M9 BossChecklist 事件条目(LogEvent,weight 21.2)
[Mods.CalamityEntropy.VoidInvasion.BossChecklistIntegration.SpawnInfo] - added
[Mods.CalamityEntropy.VoidInvasion.BossChecklistIntegration.DespawnMessage] - added
[Mods.CalamityEntropy.Items.PopeSummonItem.DisplayName] - added // 维度圣座请柬(M9 教皇召唤物,§5.2)
[Mods.CalamityEntropy.Items.PopeSummonItem.Tooltip] - added
[Mods.CalamityEntropy.Items.VoidPopeBag.DisplayName] - added // 教皇专家宝袋(§5.3)
[Mods.CalamityEntropy.Items.VoidPopeBag.Tooltip] - added
[Mods.CalamityEntropy.Items.VoidPopeRelic.DisplayName] - added // 教皇大师圣物(§5.3)
[Mods.CalamityEntropy.Items.VoidPopeRelic.Tooltip] - added
[Mods.CalamityEntropy.Items.PopeMedal.DisplayName] - added // 教皇纪念章饰品(§5.3:进度 ×1.1 + 虚空之触减半)
[Mods.CalamityEntropy.Items.PopeMedal.Tooltip] - added
[Mods.CalamityEntropy.Items.VoidPopeLore.DisplayName] - added // 教皇传颂之物(§5.3,CELoreItem)
[Mods.CalamityEntropy.Items.VoidPopeLore.Tooltip] - added
[Mods.CalamityEntropy.Items.VoidPopeLore.Lore] - added // 传记全文(Shift 查看)
[Mods.CalamityEntropy.VoidPopeLoreDesc] - added // Lore 启用效果说明({1} = 5)
[Mods.CalamityEntropy.Items.FallenVoidCodex.DisplayName] - added // 堕虚邪典(M9 七武器,熵之书)
[Mods.CalamityEntropy.Items.FallenVoidCodex.Tooltip] - added
[Mods.CalamityEntropy.Items.VoidGodScythe.DisplayName] - added // 虚神魔镰(M9 七武器,近战蓄势)
[Mods.CalamityEntropy.Items.VoidGodScythe.Tooltip] - added
[Mods.CalamityEntropy.Items.PrisonKnife.DisplayName] - added // 镇狱飞刀(M9 七武器,投掷近战蓄势)
[Mods.CalamityEntropy.Items.PrisonKnife.Tooltip] - added
[Mods.CalamityEntropy.Items.OmniscientTetrahedron.DisplayName] - added // 全知金四面体(M9 七武器,召唤)
[Mods.CalamityEntropy.Items.OmniscientTetrahedron.Tooltip] - added
[Mods.CalamityEntropy.Items.CurseRoar.DisplayName] - added // 咒怨咆哮(M9 七武器,枪蓄势)
[Mods.CalamityEntropy.Items.CurseRoar.Tooltip] - added
[Mods.CalamityEntropy.Items.VoidPredatorStaff.DisplayName] - added // 虚空掠食者召唤杖(M9 七武器,掠食者 5%/魔物 20% 掉落)
[Mods.CalamityEntropy.Items.VoidPredatorStaff.Tooltip] - added
[Mods.CalamityEntropy.Items.SupremeVoidFist.DisplayName] - added // 超绝虚空铁拳(M9 七武器,魔像 4% 掉落)
[Mods.CalamityEntropy.Items.SupremeVoidFist.Tooltip] - added
[Mods.CalamityEntropy.Buffs.OmniscientEyeBuff.DisplayName] - added // 四面体随从 buff
[Mods.CalamityEntropy.Buffs.OmniscientEyeBuff.Description] - added
[Mods.CalamityEntropy.Buffs.VoidPredatorBuff.DisplayName] - added // 掠食者杖随从 buff
[Mods.CalamityEntropy.Buffs.VoidPredatorBuff.Description] - added
[Mods.CalamityEntropy.Projectiles.CodexEyeBolt.DisplayName] - added // 邪典魔焰弹(友方版)
[Mods.CalamityEntropy.Projectiles.CodexVoidChain.DisplayName] - added // 邪典小型铁索(PopeChain 友方短版)
[Mods.CalamityEntropy.Projectiles.VoidGodScytheHeld.DisplayName] - added // 魔镰手持挥砍体
[Mods.CalamityEntropy.Projectiles.VoidScytheSpinSlash.DisplayName] - added // 魔镰旋斩(PopeScytheSlash 友方版)
[Mods.CalamityEntropy.Projectiles.PurgatoryKnifeProj.DisplayName] - added // 炼狱飞刀(回旋镖式)
[Mods.CalamityEntropy.Projectiles.OmniscientEyeMinion.DisplayName] - added // 全知之眼随从
[Mods.CalamityEntropy.Projectiles.MinionEyeBolt.DisplayName] - added // 随从魔焰弹
[Mods.CalamityEntropy.Projectiles.CurseRoarHeld.DisplayName] - added // 咒怨咆哮手持枪体
[Mods.CalamityEntropy.Projectiles.CurseVoidBullet.DisplayName] - added // 虚空弹
[Mods.CalamityEntropy.Projectiles.CurseRoarWave.DisplayName] - added // 咆哮锥形音波
[Mods.CalamityEntropy.Projectiles.VoidPredatorMinion.DisplayName] - added // 迷你掠食者随从
[Mods.CalamityEntropy.Projectiles.SupremeVoidFistHeldProj.DisplayName] - added // 铁拳手持体
[Mods.CalamityEntropy.Projectiles.VoidFistJab.DisplayName] - added // 直拳判定
[Mods.CalamityEntropy.Projectiles.VoidFistPunchProj.DisplayName] - added // 重拳铁拳弹幕
[Mods.CalamityEntropy.Projectiles.VoidFistDash.DisplayName] - added // 蓄势冲撞判定
[Mods.CalamityEntropy.VoidPopeBestiary] - added // M9 图鉴词条(教皇解除 HideFromBestiary,正式入图鉴)
[Mods.CalamityEntropy.VoidCultistWarlockBestiary] - added // 以下 11 键为事件 NPC 图鉴词条(§1.7)
[Mods.CalamityEntropy.VoidCandleWispBestiary] - added
[Mods.CalamityEntropy.VoidTemplarBestiary] - added
[Mods.CalamityEntropy.VoidGolemBestiary] - added
[Mods.CalamityEntropy.VoidCrawlerBestiary] - added
[Mods.CalamityEntropy.VoidPredatorBestiary] - added
[Mods.CalamityEntropy.VoidmawSharkBestiary] - added
[Mods.CalamityEntropy.ChaosChimeraBestiary] - added
[Mods.CalamityEntropy.VoidCardinalBestiary] - added
[Mods.CalamityEntropy.RiftWraithBestiary] - added
[Mods.CalamityEntropy.EntropyFiendBestiary] - added
[Mods.CalamityEntropy.Items.OdinsRefuge.Tooltip] - changed // 上神之佑加回盾冲(自研圣佑冲锋:双击/冲刺键触发,盾撞1000近战+首撞圣光冲击波300点燃神圣之火+命中后1.5秒15%减伤),并把切换恐慌项链一行补上"按住Shift"(与代码判定一致)
